[Licensing::Module] Trying to connect to existing licensing client channel...
Built from '6000.4/staging' branch; Version is '6000.4.9f1 (f7258d6eebbe) revision 16197005'; Using compiler version '194234433'; Build Type 'Release'
OS: 'Windows 10  (10.0.19045) 64bit Core' Language: 'fr' Physical Memory: 65484 MB
[Licensing::IpcConnector] Successfully connected to: "LicenseClient-Matt" at "2026-07-28T11:53:24.3258554Z"
BatchMode: 1, IsHumanControllingUs: 0, StartBugReporterOnCrash: 0, Is64bit: 1
System  architecture: x64
Process architecture: x64
Date: 2026-07-28T11:53:24Z

COMMAND LINE ARGUMENTS:
C:\Program Files\Unity\Hub\Editor\6000.4.9f1\Editor\Unity.exe
-adb2
-batchMode
-noUpm
-name
AssetImportWorker2
-projectPath
F:/prod/RuneForge/Rune Forge
-logFile
Logs/AssetImportWorker2.log
-srvPort
65513
-licensingIpc
LicenseClient-Matt
-force-d3d12
-job-worker-count
5
-background-job-worker-count
8
-gc-helper-count
1
-name
AssetImport
Successfully changed project path to: F:/prod/RuneForge/Rune Forge
F:/prod/RuneForge/Rune Forge
[UnityMemory] Configuration Parameters - Can be set up in boot.config
    "memorysetup-temp-allocator-size-gi-baking-worker=262144"
    "memorysetup-temp-allocator-size-gi-baking-worker=262144"
    "memorysetup-temp-allocator-size-gi-baking-worker=262144"
    "memorysetup-temp-allocator-size-gi-baking-worker=262144"
    "memorysetup-temp-allocator-size-gi-baking-worker=262144"
    "memorysetup-temp-allocator-size-nav-mesh-worker=65536"
    "memorysetup-temp-allocator-size-audio-worker=65536"
    "memorysetup-temp-allocator-size-cloud-worker=32768"
    "memorysetup-temp-allocator-size-gfx=262144"
    "memorysetup-temp-allocator-size-preload-manager=33554432"
    "memorysetup-temp-allocator-size-job-worker=262144"
    "memorysetup-temp-allocator-size-background-worker=32768"
    "memorysetup-allocator-temp-initial-block-size-main=262144"
    "memorysetup-allocator-temp-initial-block-size-worker=262144"
    "memorysetup-bucket-allocator-granularity=16"
    "memorysetup-bucket-allocator-bucket-count=8"
    "memorysetup-bucket-allocator-block-size=33554432"
    "memorysetup-bucket-allocator-block-count=8"
    "memorysetup-main-allocator-block-size=16777216"
    "memorysetup-thread-allocator-block-size=16777216"
    "memorysetup-gfx-main-allocator-block-size=16777216"
    "memorysetup-gfx-thread-allocator-block-size=16777216"
    "memorysetup-cache-allocator-block-size=4194304"
    "memorysetup-typetree-allocator-block-size=2097152"
    "memorysetup-profiler-bucket-allocator-granularity=16"
    "memorysetup-profiler-bucket-allocator-bucket-count=8"
    "memorysetup-profiler-bucket-allocator-block-size=33554432"
    "memorysetup-profiler-bucket-allocator-block-count=8"
    "memorysetup-profiler-allocator-block-size=16777216"
    "memorysetup-profiler-editor-allocator-block-size=1048576"
    "memorysetup-temp-allocator-size-main=16777216"
    "memorysetup-job-temp-allocator-block-size=2097152"
    "memorysetup-job-temp-allocator-block-size-background=1048576"
    "memorysetup-job-temp-allocator-reduction-small-platforms=262144"
Player connection [5304]  Target information:

Player connection [5304]  * "[IP] 192.168.1.153 [Port] 0 [Flags] 2 [Guid] 1041648509 [EditorId] 1041648509 [Version] 1048832 [Id] WindowsEditor(7,DESKTOP-DT0SGPO) [Debug] 1 [PackageName] WindowsEditor [ProjectName] Editor" 

Player connection [5304] Host joined multi-casting on [225.0.0.222:54997]...
Player connection [5304] Host joined alternative multi-casting on [225.0.0.222:34997]...
JobSystem: Creating JobQueue using job-worker-count value 5
Input System module state changed to: Initialized.
[Physics::Module] Initialized fallback backend.
[Physics::Module] Id: 0xdecafbad
Library Redirect Path: Library/
[Physics::Module] Selected backend.
[Physics::Module] Name: PhysX
[Physics::Module] Id: 0xf2b8ea05
[Physics::Module] SDK Version: 4.1.2
[Physics::Module] Integration Version: 1.0.0
[Physics::Module] Threading Mode: Multi-Threaded
Refreshing native plugins compatible for Editor in 3.73 ms, found 4 plugins.
Initialize engine version: 6000.4.9f1 (f7258d6eebbe)
[Subsystems] Discovering subsystems at path C:/Program Files/Unity/Hub/Editor/6000.4.9f1/Editor/Data/Resources/UnitySubsystems
[Subsystems] Discovering subsystems at path F:/prod/RuneForge/Rune Forge/Assets
Forcing GfxDevice: Direct3D 12
GfxDevice: creating device client; kGfxThreadingModeNonThreaded
d3d12: failed to query info queue interface (0x80004002).
Direct3D:
    Version:         Direct3D 12 [level 12.2]
    Renderer:        NVIDIA GeForce RTX 4070 Ti (ID=0x2782)
    Vendor:          NVIDIA
    VRAM:            11996 MB
    App VRAM Budget: 11228 MB
    Driver:          32.0.15.9597
Initialize mono
Mono path[0] = 'C:/Program Files/Unity/Hub/Editor/6000.4.9f1/Editor/Data/Managed'
Mono path[1] = 'C:/Program Files/Unity/Hub/Editor/6000.4.9f1/Editor/Data/MonoBleedingEdge/lib/mono/unityjit-win32'
Mono config path = 'C:/Program Files/Unity/Hub/Editor/6000.4.9f1/Editor/Data/MonoBleedingEdge/etc'
Using monoOptions --debugger-agent=transport=dt_socket,embedding=1,server=y,suspend=n,address=127.0.0.1:56708
CodeReloadManager initialized
Begin MonoManager ReloadAssembly
[Licensing::Client] Error: HandshakeResponse reported an error:
	ResponseCode: 505
	ResponseStatus: Unsupported protocol version '1.18.1'.
[Licensing::Module] Error: Failed to handshake to channel: "LicenseClient-Matt"
[Licensing::IpcConnector] LicenseClient-Matt channel disconnected successfully.
[Licensing::IpcConnector] Successfully connected to: "LicenseClient-Matt-6000.4.9" at "2026-07-28T11:53:25.2666886Z"
[Licensing::Client] Code 10 while verifying Licensing Client signature (process Id: 17392, path: "C:/Program Files/Unity/Hub/Editor/6000.4.9f1/Editor/Data/Resources/Licensing/Client/Unity.Licensing.Client.exe")
[Licensing::Module] LicensingClient has failed validation; ignoring
[Licensing::Client] Handshaking with LicensingClient:
  Version:                 1.18.1+9fbee8e
  Session Id:              02bd98f3218a4f79b6920880bf8457bc
  Correlation Id:          f429ab57b6e3896616f9d0e4a1c9b4fb
  External correlation Id: 1653729887295206069
  Machine Id:              YOC6Yf3TLUMcBJRDJt+x9EeY4YI=
[Licensing::Module] Successfully connected to LicensingClient on channel: "LicenseClient-Matt-6000.4.9" (connect: 0.00s, validation: 0.00s, handshake: 0.00s)
[Licensing::IpcConnector] Successfully connected to: "LicenseClient-Matt-6000.4.9-notifications" at "2026-07-28T11:53:25.2724318Z"
[Licensing::Module] Licensing Background thread has ended after 0.95s
Registering precompiled unity dll's ...
Register platform support module: C:/Program Files/Unity/Hub/Editor/6000.4.9f1/Editor/Data/PlaybackEngines/WebGLSupport/UnityEditor.WebGL.Extensions.dll
Register platform support module: C:/Program Files/Unity/Hub/Editor/6000.4.9f1/Editor/Data/PlaybackEngines/WindowsStandaloneSupport/UnityEditor.WindowsStandalone.Extensions.dll
Registered in 0.002135 seconds.
Native extension for WindowsStandalone target not found
Native extension for WebGL target not found
Package Manager log level set to [2]
[Package Manager] Failed to launch server process. Reason: Unity was launched with the -noUpm command-line argument
[Package Manager] Unable to send message (not connected to server process).
[Package Manager] Cannot connect to Unity Package Manager local server
ScheduleIndexationOnStartup MainProcess:False IndexOnStartup:True
Mono: successfully reloaded assembly
- Finished resetting the current domain, in  0.427 seconds
Domain Reload Profiling: 874ms
	BeginReloadAssembly (95ms)
	RebuildCommonClasses (44ms)
	RebuildNativeTypeToScriptingClass (18ms)
	initialDomainReloadingComplete (65ms)
	LoadAllAssembliesAndSetupDomain (223ms)
		LoadAssemblies (92ms)
		AnalyzeDomain (213ms)
			TypeCache.Refresh (212ms)
				TypeCache.ScanAssembly (197ms)
	FinalizeReload (429ms)
		SetupLoadedEditorAssemblies (0ms)
			InitializePlatformSupportModulesInManaged (55ms)
			BeforeProcessingInitializeOnLoad (99ms)
			ProcessInitializeOnLoadAttributes (118ms)
			ProcessInitializeOnLoadMethodAttributes (89ms)
========================================================================
Worker process is ready to serve import requests
Import Worker Mode flag is 0x00
Begin MonoManager ReloadAssembly
[Licensing::Client] Successfully resolved entitlement details
[Licensing::Module] License group:
  Id: F4-GDRJ-JSAW-Z6KE-UYZU-XXXX
  Product: Unity Personal
  Type: ULF
  Expiration: Unlimited
[Licensing::Module] License group:
  Id: 20066153379321-UnityPersXXXX
  Product: Unity Personal
  Type: Assigned
  Expiration: Unlimited
Assembly Assembly-CSharp-Editor-firstpass.dll at Library/ScriptAssemblies/Assembly-CSharp-Editor-firstpass.dll not valid. Loading of assembly skipped.
Assembly Assembly-CSharp-firstpass.dll at Library/ScriptAssemblies/Assembly-CSharp-firstpass.dll not valid. Loading of assembly skipped.
Assembly DocCodeExamples.dll at Library/ScriptAssemblies/DocCodeExamples.dll not valid. Loading of assembly skipped.
Assembly TestNewCustomAssembly.dll at Library/ScriptAssemblies/TestNewCustomAssembly.dll not valid. Loading of assembly skipped.
Assembly Unity.Collections.BurstCompatibilityGen.dll at Library/ScriptAssemblies/Unity.Collections.BurstCompatibilityGen.dll not valid. Loading of assembly skipped.
Assembly Unity.Collections.DocCodeSamples.dll at Library/ScriptAssemblies/Unity.Collections.DocCodeSamples.dll not valid. Loading of assembly skipped.
Assembly Unity.Collections.PerformanceTests.dll at Library/ScriptAssemblies/Unity.Collections.PerformanceTests.dll not valid. Loading of assembly skipped.
Assembly Unity.Collections.Tests.dll at Library/ScriptAssemblies/Unity.Collections.Tests.dll not valid. Loading of assembly skipped.
Assembly Unity.Collections.Tests.Playmode.dll at Library/ScriptAssemblies/Unity.Collections.Tests.Playmode.dll not valid. Loading of assembly skipped.
Assembly Unity.InputSystem.IntegrationTests.dll at Library/ScriptAssemblies/Unity.InputSystem.IntegrationTests.dll not valid. Loading of assembly skipped.
Assembly Unity.Mathematics.Tests.dll at Library/ScriptAssemblies/Unity.Mathematics.Tests.dll not valid. Loading of assembly skipped.
Assembly Unity.Multiplayer.Center.Editor.Tests.dll at Library/ScriptAssemblies/Unity.Multiplayer.Center.Editor.Tests.dll not valid. Loading of assembly skipped.
Assembly Unity.Multiplayer.Center.Tests.dll at Library/ScriptAssemblies/Unity.Multiplayer.Center.Tests.dll not valid. Loading of assembly skipped.
Assembly Unity.Nuget.Mono-Cecil.dll at Library/ScriptAssemblies/Unity.Nuget.Mono-Cecil.dll not valid. Loading of assembly skipped.
Assembly Unity.PathTracing.Editor.Tests.dll at Library/ScriptAssemblies/Unity.PathTracing.Editor.Tests.dll not valid. Loading of assembly skipped.
Assembly Unity.PathTracing.Runtime.Tests.dll at Library/ScriptAssemblies/Unity.PathTracing.Runtime.Tests.dll not valid. Loading of assembly skipped.
Assembly Unity.RenderPipelines.Core.Editor.Tests.dll at Library/ScriptAssemblies/Unity.RenderPipelines.Core.Editor.Tests.dll not valid. Loading of assembly skipped.
Assembly Unity.RenderPipelines.Core.Runtime.Tests.dll at Library/ScriptAssemblies/Unity.RenderPipelines.Core.Runtime.Tests.dll not valid. Loading of assembly skipped.
Assembly Unity.RenderPipelines.Universal.Config.Editor.Tests.dll at Library/ScriptAssemblies/Unity.RenderPipelines.Universal.Config.Editor.Tests.dll not valid. Loading of assembly skipped.
Assembly Unity.RenderPipelines.Universal.Editor.Tests.dll at Library/ScriptAssemblies/Unity.RenderPipelines.Universal.Editor.Tests.dll not valid. Loading of assembly skipped.
Assembly Unity.RenderPipelines.Universal.Runtime.Tests.dll at Library/ScriptAssemblies/Unity.RenderPipelines.Universal.Runtime.Tests.dll not valid. Loading of assembly skipped.
Assembly Unity.Searcher.EditorTests.dll at Library/ScriptAssemblies/Unity.Searcher.EditorTests.dll not valid. Loading of assembly skipped.
Assembly Unity.ShaderGraph.Editor.Tests.dll at Library/ScriptAssemblies/Unity.ShaderGraph.Editor.Tests.dll not valid. Loading of assembly skipped.
Assembly Unity.TextMeshPro.Editor.Tests.dll at Library/ScriptAssemblies/Unity.TextMeshPro.Editor.Tests.dll not valid. Loading of assembly skipped.
Assembly Unity.TextMeshPro.Tests.dll at Library/ScriptAssemblies/Unity.TextMeshPro.Tests.dll not valid. Loading of assembly skipped.
Assembly Unity.UnifiedRayTracing.Editor.Tests.dll at Library/ScriptAssemblies/Unity.UnifiedRayTracing.Editor.Tests.dll not valid. Loading of assembly skipped.
Assembly UnityEditor.UI.Common.Tests.dll at Library/ScriptAssemblies/UnityEditor.UI.Common.Tests.dll not valid. Loading of assembly skipped.
Assembly UnityEditor.UI.EditorTests.dll at Library/ScriptAssemblies/UnityEditor.UI.EditorTests.dll not valid. Loading of assembly skipped.
Assembly UnityEngine.UI.Tests.dll at Library/ScriptAssemblies/UnityEngine.UI.Tests.dll not valid. Loading of assembly skipped.
Symbol file LoadedFromMemory is not a mono symbol file
Native extension for WindowsStandalone target not found
Native extension for WebGL target not found
[Package Manager] Failed to launch server process. Reason: Unity was launched with the -noUpm command-line argument
[Package Manager] Unable to send message (not connected to server process).
[Package Manager] Cannot connect to Unity Package Manager local server
[Package Manager] Failed to launch server process. Reason: Unity was launched with the -noUpm command-line argument
[Package Manager] Unable to send message (not connected to server process).
[Package Manager] Cannot connect to Unity Package Manager local server
ScheduleIndexationOnStartup MainProcess:False IndexOnStartup:True
Mono: successfully reloaded assembly
- Finished resetting the current domain, in  0.814 seconds
Domain Reload Profiling: 1653ms
	BeginReloadAssembly (160ms)
		DisableScriptedObjects (7ms)
		CreateAndSetChildDomain (33ms)
	RebuildCommonClasses (42ms)
	RebuildNativeTypeToScriptingClass (15ms)
	initialDomainReloadingComplete (65ms)
	LoadAllAssembliesAndSetupDomain (555ms)
		LoadAssemblies (318ms)
		AnalyzeDomain (302ms)
			TypeCache.Refresh (215ms)
				TypeCache.ScanAssembly (195ms)
			BuildScriptInfoCaches (73ms)
			ResolveRequiredComponents (12ms)
	FinalizeReload (815ms)
		SetupLoadedEditorAssemblies (0ms)
			InitializePlatformSupportModulesInManaged (3ms)
			BeforeProcessingInitializeOnLoad (158ms)
			ProcessInitializeOnLoadAttributes (328ms)
			ProcessInitializeOnLoadMethodAttributes (95ms)
			AfterProcessingInitializeOnLoad (5ms)
		AwakeInstancesAfterBackupRestoration (6ms)
Launched and connected shader compiler UnityShaderCompiler.exe after 0.01 seconds
Unloading 24 Unused Serialized files (Serialized files now loaded: 0)
Unloading 7022 unused Assets / (6.1 MB). Loaded Objects now: 7852.
Memory consumption went from 170.4 MB to 164.3 MB.
Total: 11.254800 ms (FindLiveObjects: 1.094700 ms CreateObjectMapping: 0.387000 ms MarkObjects: 6.287500 ms  DeleteObjects: 3.483100 ms)

========================================================================
Received Import Request.
  Time since last request: 421602.717309 seconds.
  path: Assets/Prefabs/Building/TEM_Wall_Long_03A(Clone).prefab
  importAddress: Guid(b593eb584358d1b4fb49976f227e3d09) Importer(815301076,1909f56bfc062723c751e8b465ee728b)
Start importing Assets/Prefabs/Building/TEM_Wall_Long_03A(Clone).prefab using Guid(b593eb584358d1b4fb49976f227e3d09) Importer(815301076,1909f56bfc062723c751e8b465ee728b) (PreviewImporter) -> (Import Result ID: '46b70147eadb3a09deae3a931a0af832') in 0.6345403 seconds [static and dynamic dependencies]. Details - ImportResultOutputID=d3df77d3127f51a5ff8d3a9b2d792165 DependenciesID=b64b1b0fba9ed4a83179ae3cb0c18a95 StaticDependenciesID=ea56731bd5a4e883d9af81e680bab7b9 
Number of updated asset objects reloaded before import = 0Number of asset objects unloaded after import = 27

========================================================================
Received Import Request.
  Time since last request: 0.303321 seconds.
  path: Assets/Prefabs/Building/TEM_Wall_Long_03A(Clone).prefab
  importAddress: Guid(b593eb584358d1b4fb49976f227e3d09) Importer(2089858483,b0f066a214c2f5e87bad3c948f4d605d)
Start importing Assets/Prefabs/Building/TEM_Wall_Long_03A(Clone).prefab using Guid(b593eb584358d1b4fb49976f227e3d09) Importer(2089858483,b0f066a214c2f5e87bad3c948f4d605d) (ScriptedImporter) -> (Import Result ID: 'fd1bed14f7bdd3fb45a7a82e83441d68') in 0.0762539 seconds [static and dynamic dependencies]. Details - ImportResultOutputID=5da5c91b827e0b2abfec0235bc544fbb DependenciesID=9c2d8e6a2e15d4271f84f54546c39540 StaticDependenciesID=761d14fca25a5570f193f2f244705f83 
Number of updated asset objects reloaded before import = 0Number of asset objects unloaded after import = 21

========================================================================
Received Import Request.
  Time since last request: 2.161806 seconds.
  path: Assets/Prefabs/Building/TEM_Wall_Long_03A(Clone).prefab
  importAddress: Guid(b593eb584358d1b4fb49976f227e3d09) Importer(815301076,1909f56bfc062723c751e8b465ee728b)
Start importing Assets/Prefabs/Building/TEM_Wall_Long_03A(Clone).prefab using Guid(b593eb584358d1b4fb49976f227e3d09) Importer(815301076,1909f56bfc062723c751e8b465ee728b) (PreviewImporter) -> (Import Result ID: 'f4d2c6bb9063004a2e4387a183504f7a') in 0.0523316 seconds [static and dynamic dependencies]. Details - ImportResultOutputID=f1605524eaa35e7968d0cd96600187ef DependenciesID=c8255d12d2a566d3d0ac4d694227fbbf StaticDependenciesID=2bc0c1e5b180b5f4f06187053e87450d 
Number of updated asset objects reloaded before import = 0Number of asset objects unloaded after import = 27

========================================================================
Received Import Request.
  Time since last request: 0.894134 seconds.
  path: Assets/Prefabs/Building/TEM_Wall_Long_03A(Clone).prefab
  importAddress: Guid(b593eb584358d1b4fb49976f227e3d09) Importer(2089858483,b0f066a214c2f5e87bad3c948f4d605d)
Start importing Assets/Prefabs/Building/TEM_Wall_Long_03A(Clone).prefab using Guid(b593eb584358d1b4fb49976f227e3d09) Importer(2089858483,b0f066a214c2f5e87bad3c948f4d605d) (ScriptedImporter) -> (Import Result ID: 'bcd13e8bca42a09ef0bc99e1ab57df91') in 0.0119865 seconds [static and dynamic dependencies]. Details - ImportResultOutputID=f2abeb99335098ab58fdce468a8d0687 DependenciesID=f6fc93cf077d7e2ad006aa28811a6734 StaticDependenciesID=84549407aaf7f3fbaa3377a78883f88f 
Number of updated asset objects reloaded before import = 0Number of asset objects unloaded after import = 21

========================================================================
Received Import Request.
  Time since last request: 24.479434 seconds.
  path: Assets/Prefabs/Building/TEM_Wall_Long_03A(Clone).prefab
  importAddress: Guid(b593eb584358d1b4fb49976f227e3d09) Importer(815301076,1909f56bfc062723c751e8b465ee728b)
Start importing Assets/Prefabs/Building/TEM_Wall_Long_03A(Clone).prefab using Guid(b593eb584358d1b4fb49976f227e3d09) Importer(815301076,1909f56bfc062723c751e8b465ee728b) (PreviewImporter) -> (Import Result ID: 'a4d555238ded954739876f2dbcc735f9') in 0.0508543 seconds [static and dynamic dependencies]. Details - ImportResultOutputID=239df14d68ea0678b3186287f121fdc6 DependenciesID=e48a8f9c8208905eb6094d6cfe3fcb87 StaticDependenciesID=fbb124fef79b85f9669b04bf0e24b47d 
Number of updated asset objects reloaded before import = 0Number of asset objects unloaded after import = 27

========================================================================
Received Import Request.
  Time since last request: 0.897162 seconds.
  path: Assets/Prefabs/Building/TEM_Wall_Long_03A(Clone).prefab
  importAddress: Guid(b593eb584358d1b4fb49976f227e3d09) Importer(2089858483,b0f066a214c2f5e87bad3c948f4d605d)
Start importing Assets/Prefabs/Building/TEM_Wall_Long_03A(Clone).prefab using Guid(b593eb584358d1b4fb49976f227e3d09) Importer(2089858483,b0f066a214c2f5e87bad3c948f4d605d) (ScriptedImporter) -> (Import Result ID: '1e21f84da0929a90cbc249855da320fa') in 0.0119065 seconds [static and dynamic dependencies]. Details - ImportResultOutputID=0a8f5df104b6276be3693389d4769768 DependenciesID=6f7e35792711dc3463efc33b1bb0408a StaticDependenciesID=694481ff642dbaeb2856282bf2941600 
Number of updated asset objects reloaded before import = 0Number of asset objects unloaded after import = 21

========================================================================
Received Import Request.
  Time since last request: 1.676894 seconds.
  path: Assets/Prefabs/Building/TEM_Wall_Long_03A(Clone).prefab
  importAddress: Guid(b593eb584358d1b4fb49976f227e3d09) Importer(815301076,1909f56bfc062723c751e8b465ee728b)
Start importing Assets/Prefabs/Building/TEM_Wall_Long_03A(Clone).prefab using Guid(b593eb584358d1b4fb49976f227e3d09) Importer(815301076,1909f56bfc062723c751e8b465ee728b) (PreviewImporter) -> (Import Result ID: '078ef565cf850ea78e18a211e8188237') in 0.0497904 seconds [static and dynamic dependencies]. Details - ImportResultOutputID=a8a5adef9144d9f90a331449b7623d33 DependenciesID=7dec6eadd0c74e05417423ff4549d4b4 StaticDependenciesID=8fd71e3b53a5f13a35b027f93c5f8cf7 
Number of updated asset objects reloaded before import = 0Number of asset objects unloaded after import = 27

========================================================================
Received Import Request.
  Time since last request: 0.896537 seconds.
  path: Assets/Prefabs/Building/TEM_Wall_Long_03A(Clone).prefab
  importAddress: Guid(b593eb584358d1b4fb49976f227e3d09) Importer(2089858483,b0f066a214c2f5e87bad3c948f4d605d)
Start importing Assets/Prefabs/Building/TEM_Wall_Long_03A(Clone).prefab using Guid(b593eb584358d1b4fb49976f227e3d09) Importer(2089858483,b0f066a214c2f5e87bad3c948f4d605d) (ScriptedImporter) -> (Import Result ID: 'ffc7fafbcd6036d4b700a6dbd1e98de1') in 0.0134854 seconds [static and dynamic dependencies]. Details - ImportResultOutputID=8159ec61bf20a41397304aaad08d0304 DependenciesID=fc50f335855bc46610316dab62da77ee StaticDependenciesID=914a1e94ee100203d343adcc2de83589 
Number of updated asset objects reloaded before import = 0Number of asset objects unloaded after import = 21

========================================================================
Received Import Request.
  Time since last request: 188.806280 seconds.
  path: Assets/Scenes/House_workshop.unity
  importAddress: Guid(d758fa61b87885c46bb5ce1f456bf004) Importer(2089858483,b0f066a214c2f5e87bad3c948f4d605d)
Start importing Assets/Scenes/House_workshop.unity using Guid(d758fa61b87885c46bb5ce1f456bf004) Importer(2089858483,b0f066a214c2f5e87bad3c948f4d605d) (ScriptedImporter) -> (Import Result ID: '567869635f8b3fe931ce5e42296b7184') in 0.012673 seconds [static and dynamic dependencies]. Details - ImportResultOutputID=b33bb8dbfc6281ad349771f11afff497 DependenciesID=1c41285a63c3ba69a292fd7ed401be94 StaticDependenciesID=688fa0401a89296df7b9433ebbdd9b46 
Number of updated asset objects reloaded before import = 0Number of asset objects unloaded after import = 1

========================================================================
Received Import Request.
  Time since last request: 8.801025 seconds.
  path: Assets/Scripts/WeaponVisualContainer.cs
  importAddress: Guid(4df8ec3aa1967d44699608028ed731c9) Importer(815301076,1909f56bfc062723c751e8b465ee728b)
Start importing Assets/Scripts/WeaponVisualContainer.cs using Guid(4df8ec3aa1967d44699608028ed731c9) Importer(815301076,1909f56bfc062723c751e8b465ee728b) (PreviewImporter) -> (Import Result ID: '1ea3ccbb99901460b588c3e13e1f75bc') in 0.0005812 seconds [static and dynamic dependencies]. Details - ImportResultOutputID=6e65189482641ec2bb722b645dcff0a1 DependenciesID=68f86dd93eb7a2ca8a40807f4d16883a StaticDependenciesID=1e21b2d1cf1b9445966abd2204e7532a 
Number of updated asset objects reloaded before import = 0Number of asset objects unloaded after import = 0

